Nothing to build in platform 'design_1_wrapper'

18:29:40 **** Incremental Build of configuration Debug for project sfp_tuning ****
make all 
'Building file: ../src/helloworld.c'
'Invoking: ARM v8 gcc compiler'
aarch64-none-elf-gcc -Wall -O0 -g3 -c -fmessage-length=0 -MT"src/helloworld.o" -IE:/Mullai/2020_1/SFP_Tuning/design_1_wrapper/export/design_1_wrapper/sw/design_1_wrapper/domain_psu_cortexa53_0/bspinclude/include -MMD -MP -MF"src/helloworld.d" -MT"src/helloworld.o" -o "src/helloworld.o" "../src/helloworld.c"
../src/helloworld.c: In function 'IicPsEepromPolledExample':
../src/helloworld.c:123:6: warning: unused variable 'Index' [-Wunused-variable]
  123 |  u32 Index;
      |      ^~~~~
../src/helloworld.c: In function 'EepromReadData':
../src/helloworld.c:268:14: warning: unused variable 'Address' [-Wunused-variable]
  268 |  AddressType Address = EEPROM_START_ADDRESS;
      |              ^~~~~~~
'Finished building: ../src/helloworld.c'
' '
'Building target: sfp_tuning.elf'
'Invoking: ARM v8 gcc linker'
aarch64-none-elf-gcc -Wl,-T -Wl,../src/lscript.ld -LE:/Mullai/2020_1/SFP_Tuning/design_1_wrapper/export/design_1_wrapper/sw/design_1_wrapper/domain_psu_cortexa53_0/bsplib/lib -o "sfp_tuning.elf"  ./src/helloworld.o ./src/platform.o   -Wl,--start-group,-lxil,-lgcc,-lc,--end-group
'Finished building target: sfp_tuning.elf'
' '
'Invoking: ARM v8 Print Size'
aarch64-none-elf-size sfp_tuning.elf  |tee "sfp_tuning.elf.size"
   text	   data	    bss	    dec	    hex	filename
  41628	   2104	  20828	  64560	   fc30	sfp_tuning.elf
'Finished building: sfp_tuning.elf.size'
' '
